[0.005s][info][gc] Using Parallel
[0.078s][info][gc] GC(0) Pause Young (Allocation Failure) 3M->1M(11M) 1.079ms
[2.659s][info][gc] GC(1) Pause Young (Allocation Failure) 4M->3M(11M) 1.531ms
[2.695s][info][gc] GC(2) Pause Young (Allocation Failure) 6M->3M(11M) 0.849ms
[2.727s][info][gc] GC(3) Pause Young (Allocation Failure) 6M->4M(11M) 1.105ms
[2.741s][info][gc] GC(4) Pause Young (Allocation Failure) 7M->5M(11M) 1.209ms
[2.939s][info][gc] GC(5) Pause Young (Allocation Failure) 8M->6M(10M) 1.688ms
[3.010s][info][gc] GC(6) Pause Young (Allocation Failure) 8M->6M(11M) 1.296ms
[3.018s][info][gc] GC(7) Pause Full (Ergonomics) 6M->4M(11M) 7.621ms
[3.052s][info][gc] GC(8) Pause Young (Allocation Failure) 6M->4M(11M) 0.709ms
[9.073s][info][gc] GC(9) Pause Young (Allocation Failure) 6M->4M(11M) 0.725ms
[16.196s][info][gc] GC(10) Pause Young (Allocation Failure) 6M->4M(11M) 0.662ms
[26.101s][info][gc] GC(11) Pause Young (Allocation Failure) 6M->5M(11M) 0.470ms
[35.429s][info][gc] GC(12) Pause Young (Allocation Failure) 7M->6M(11M) 0.258ms
[35.431s][info][gc] GC(13) Pause Young (Allocation Failure) 8M->6M(11M) 0.271ms
[35.441s][info][gc] GC(14) Pause Full (Ergonomics) 6M->6M(11M) 10.256ms
[35.455s][info][gc] GC(15) Pause Full (Ergonomics) 8M->6M(11M) 5.763ms
[35.463s][info][gc] GC(16) Pause Full (Ergonomics) 8M->6M(11M) 5.146ms
[35.471s][info][gc] GC(17) Pause Full (Ergonomics) 8M->6M(11M) 5.605ms
[35.477s][info][gc] GC(18) Pause Full (Ergonomics) 8M->6M(11M) 4.161ms
[35.483s][info][gc] GC(19) Pause Full (Ergonomics) 8M->6M(11M) 4.795ms
[35.491s][info][gc] GC(20) Pause Full (Ergonomics) 8M->6M(11M) 5.215ms
[35.497s][info][gc] GC(21) Pause Full (Ergonomics) 8M->6M(11M) 4.550ms
[35.503s][info][gc] GC(22) Pause Full (Ergonomics) 8M->6M(11M) 4.450ms
[35.509s][info][gc] GC(23) Pause Full (Ergonomics) 8M->6M(11M) 4.564ms
[35.514s][info][gc] GC(24) Pause Full (Ergonomics) 8M->6M(11M) 4.177ms
[35.520s][info][gc] GC(25) Pause Full (Ergonomics) 8M->7M(11M) 4.547ms
[35.527s][info][gc] GC(26) Pause Full (Ergonomics) 8M->7M(11M) 4.504ms
[36.109s][info][gc] GC(27) Pause Full (Ergonomics) 9M->5M(11M) 5.334ms
[54.094s][info][gc] GC(28) Pause Young (Allocation Failure) 7M->5M(11M) 0.405ms
[64.113s][info][gc] GC(29) Pause Young (Allocation Failure) 7M->5M(11M) 0.273ms
[75.406s][info][gc] GC(30) Pause Young (Allocation Failure) 6M->5M(11M) 0.239ms
[86.130s][info][gc] GC(31) Pause Young (Allocation Failure) 7M->6M(11M) 0.207ms
[107.153s][info][gc] GC(32) Pause Young (Allocation Failure) 8M->6M(11M) 0.211ms
[107.160s][info][gc] GC(33) Pause Full (Ergonomics) 6M->6M(11M) 7.436ms
[121.167s][info][gc] GC(34) Pause Young (Allocation Failure) 8M->6M(11M) 0.287ms
[142.139s][info][gc] GC(35) Pause Young (Allocation Failure) 8M->6M(11M) 0.352ms
[163.204s][info][gc] GC(36) Pause Young (Allocation Failure) 8M->6M(11M) 0.227ms
[185.164s][info][gc] GC(37) Pause Young (Allocation Failure) 8M->6M(11M) 0.281ms
[206.239s][info][gc] GC(38) Pause Young (Allocation Failure) 8M->6M(11M) 0.222ms
[228.255s][info][gc] GC(39) Pause Young (Allocation Failure) 8M->6M(11M) 0.255ms
[250.264s][info][gc] GC(40) Pause Young (Allocation Failure) 8M->6M(11M) 0.309ms
[271.421s][info][gc] GC(41) Pause Young (Allocation Failure) 8M->6M(11M) 0.222ms
[293.457s][info][gc] GC(42) Pause Young (Allocation Failure) 8M->6M(11M) 0.196ms
[314.530s][info][gc] GC(43) Pause Young (Allocation Failure) 8M->6M(11M) 0.246ms
[336.424s][info][gc] GC(44) Pause Young (Allocation Failure) 8M->6M(11M) 0.278ms
[357.565s][info][gc] GC(45) Pause Young (Allocation Failure) 8M->6M(11M) 0.218ms
[379.580s][info][gc] GC(46) Pause Young (Allocation Failure) 8M->6M(11M) 0.241ms
[401.594s][info][gc] GC(47) Pause Young (Allocation Failure) 8M->6M(11M) 0.292ms
[423.611s][info][gc] GC(48) Pause Young (Allocation Failure) 8M->6M(11M) 0.236ms
[445.478s][info][gc] GC(49) Pause Young (Allocation Failure) 8M->6M(11M) 0.434ms
[466.647s][info][gc] GC(50) Pause Young (Allocation Failure) 8M->6M(11M) 0.203ms
[488.671s][info][gc] GC(51) Pause Young (Allocation Failure) 8M->6M(11M) 0.239ms
[510.690s][info][gc] GC(52) Pause Young (Allocation Failure) 8M->6M(11M) 0.288ms
[532.709s][info][gc] GC(53) Pause Young (Allocation Failure) 8M->6M(11M) 0.220ms
[554.726s][info][gc] GC(54) Pause Young (Allocation Failure) 8M->6M(11M) 0.446ms
[576.744s][info][gc] GC(55) Pause Young (Allocation Failure) 8M->6M(11M) 0.288ms
[598.761s][info][gc] GC(56) Pause Young (Allocation Failure) 8M->6M(11M) 0.168ms
[620.781s][info][gc] GC(57) Pause Young (Allocation Failure) 8M->6M(11M) 0.196ms
[643.800s][info][gc] GC(58) Pause Young (Allocation Failure) 8M->6M(11M) 0.381ms
[665.823s][info][gc] GC(59) Pause Young (Allocation Failure) 8M->6M(11M) 0.274ms
[693.845s][info][gc] GC(60) Pause Young (Allocation Failure) 9M->6M(11M) 0.263ms
