[0.009s][info][gc] Using The Z Garbage Collector
[0.155s][info][gc] GC(0) Garbage Collection (Warmup) 6M(25%)->4M(17%)
[1.157s][info][gc] GC(1) Garbage Collection (Warmup) 6M(25%)->4M(17%)
[3.469s][info][gc] GC(2) Garbage Collection (Warmup) 12M(50%)->8M(33%)
[3.564s][info][gc] GC(3) Garbage Collection (Allocation Rate) 16M(67%)->6M(25%)
[3.772s][info][gc] GC(4) Garbage Collection (Allocation Rate) 12M(50%)->8M(33%)
[3.868s][info][gc] GC(5) Garbage Collection (Allocation Rate) 12M(50%)->8M(33%)
[3.960s][info][gc] GC(6) Garbage Collection (Allocation Rate) 10M(42%)->8M(33%)
[4.054s][info][gc] GC(7) Garbage Collection (Allocation Rate) 10M(42%)->8M(33%)
[4.164s][info][gc] GC(8) Garbage Collection (Allocation Rate) 10M(42%)->8M(33%)
[4.260s][info][gc] GC(9) Garbage Collection (Allocation Rate) 10M(42%)->8M(33%)
[9.856s][info][gc] GC(10) Garbage Collection (Proactive) 12M(50%)->10M(42%)
[21.459s][info][gc] GC(11) Garbage Collection (Proactive) 14M(58%)->10M(42%)
[34.871s][info][gc] GC(12) Garbage Collection (Proactive) 14M(58%)->10M(42%)
[55.504s][info][gc] Allocation Stall (main) 10.747ms
[55.504s][info][gc] GC(13) Garbage Collection (Allocation Stall) 24M(100%)->14M(58%)
[55.520s][info][gc] Allocation Stall (main) 8.011ms
[55.520s][info][gc] GC(14) Garbage Collection (Allocation Stall) 24M(100%)->16M(67%)
[55.563s][info][gc] GC(15) Garbage Collection (Allocation Rate) 24M(100%)->10M(42%)
[55.658s][info][gc] GC(16) Garbage Collection (Allocation Rate) 10M(42%)->10M(42%)
[55.754s][info][gc] GC(17) Garbage Collection (Allocation Rate) 10M(42%)->10M(42%)
[55.867s][info][gc] GC(18) Garbage Collection (Allocation Rate) 12M(50%)->12M(50%)
[55.963s][info][gc] GC(19) Garbage Collection (Allocation Rate) 12M(50%)->10M(42%)
[56.059s][info][gc] GC(20) Garbage Collection (Allocation Rate) 10M(42%)->10M(42%)
[56.170s][info][gc] GC(21) Garbage Collection (Allocation Rate) 10M(42%)->10M(42%)
[56.264s][info][gc] GC(22) Garbage Collection (Allocation Rate) 10M(42%)->10M(42%)
[56.359s][info][gc] GC(23) Garbage Collection (Allocation Rate) 10M(42%)->10M(42%)
[56.756s][info][gc] GC(24) Garbage Collection (Allocation Rate) 10M(42%)->10M(42%)
[56.868s][info][gc] GC(25) Garbage Collection (Allocation Rate) 12M(50%)->10M(42%)
[56.964s][info][gc] GC(26) Garbage Collection (Allocation Rate) 12M(50%)->10M(42%)
[57.060s][info][gc] GC(27) Garbage Collection (Allocation Rate) 10M(42%)->10M(42%)
[57.154s][info][gc] GC(28) Garbage Collection (Allocation Rate) 10M(42%)->10M(42%)
[57.266s][info][gc] GC(29) Garbage Collection (Allocation Rate) 10M(42%)->10M(42%)
[62.661s][info][gc] GC(30) Garbage Collection (Proactive) 14M(58%)->12M(50%)
[73.965s][info][gc] GC(31) Garbage Collection (Proactive) 16M(67%)->10M(42%)
[76.366s][info][gc] GC(32) Garbage Collection (Proactive) 14M(58%)->12M(50%)
[88.954s][info][gc] GC(33) Garbage Collection (Proactive) 16M(67%)->12M(50%)
[103.968s][info][gc] GC(34) Garbage Collection (Proactive) 16M(67%)->12M(50%)
[117.955s][info][gc] GC(35) Garbage Collection (Proactive) 16M(67%)->12M(50%)
[131.963s][info][gc] GC(36) Garbage Collection (Proactive) 16M(67%)->12M(50%)
[145.965s][info][gc] GC(37) Garbage Collection (Proactive) 16M(67%)->10M(42%)
[162.965s][info][gc] GC(38) Garbage Collection (Proactive) 14M(58%)->10M(42%)
[179.959s][info][gc] GC(39) Garbage Collection (Proactive) 14M(58%)->10M(42%)
[195.965s][info][gc] GC(40) Garbage Collection (Proactive) 14M(58%)->10M(42%)
[212.062s][info][gc] GC(41) Garbage Collection (Proactive) 14M(58%)->10M(42%)
[228.958s][info][gc] GC(42) Garbage Collection (Proactive) 14M(58%)->10M(42%)
[243.067s][info][gc] GC(43) Garbage Collection (Proactive) 14M(58%)->10M(42%)
[258.070s][info][gc] GC(44) Garbage Collection (Proactive) 14M(58%)->10M(42%)
[275.163s][info][gc] GC(45) Garbage Collection (Proactive) 14M(58%)->10M(42%)
[292.168s][info][gc] GC(46) Garbage Collection (Proactive) 14M(58%)->10M(42%)
[306.255s][info][gc] GC(47) Garbage Collection (Proactive) 14M(58%)->10M(42%)
[323.261s][info][gc] GC(48) Garbage Collection (Proactive) 14M(58%)->10M(42%)
[340.358s][info][gc] GC(49) Garbage Collection (Proactive) 14M(58%)->10M(42%)
[354.561s][info][gc] GC(50) Garbage Collection (Proactive) 14M(58%)->10M(42%)
[371.558s][info][gc] GC(51) Garbage Collection (Proactive) 14M(58%)->10M(42%)
[387.759s][info][gc] GC(52) Garbage Collection (Proactive) 14M(58%)->10M(42%)
[404.863s][info][gc] GC(53) Garbage Collection (Proactive) 14M(58%)->10M(42%)
[421.965s][info][gc] GC(54) Garbage Collection (Proactive) 14M(58%)->10M(42%)
[439.061s][info][gc] GC(55) Garbage Collection (Proactive) 14M(58%)->10M(42%)
[456.257s][info][gc] GC(56) Garbage Collection (Proactive) 14M(58%)->10M(42%)
[473.256s][info][gc] GC(57) Garbage Collection (Proactive) 14M(58%)->10M(42%)
[490.370s][info][gc] GC(58) Garbage Collection (Proactive) 14M(58%)->10M(42%)
[507.566s][info][gc] GC(59) Garbage Collection (Proactive) 14M(58%)->10M(42%)
[524.666s][info][gc] GC(60) Garbage Collection (Proactive) 14M(58%)->10M(42%)
[541.770s][info][gc] GC(61) Garbage Collection (Proactive) 14M(58%)->10M(42%)
[558.770s][info][gc] GC(62) Garbage Collection (Proactive) 14M(58%)->10M(42%)
[576.558s][info][gc] GC(63) Garbage Collection (Proactive) 14M(58%)->10M(42%)
[593.764s][info][gc] GC(64) Garbage Collection (Proactive) 14M(58%)->10M(42%)
[609.567s][info][gc] GC(65) Garbage Collection (Proactive) 14M(58%)->10M(42%)
[626.764s][info][gc] GC(66) Garbage Collection (Proactive) 14M(58%)->12M(50%)
[661.856s][info][gc] GC(67) Garbage Collection (Proactive) 16M(67%)->10M(42%)
[678.860s][info][gc] GC(68) Garbage Collection (Proactive) 14M(58%)->10M(42%)
[696.668s][info][gc] GC(69) Garbage Collection (Proactive) 14M(58%)->10M(42%)
[713.666s][info][gc] GC(70) Garbage Collection (Proactive) 14M(58%)->10M(42%)
[730.658s][info][gc] GC(71) Garbage Collection (Proactive) 14M(58%)->10M(42%)
[747.859s][info][gc] GC(72) Garbage Collection (Proactive) 14M(58%)->10M(42%)
[765.170s][info][gc] GC(73) Garbage Collection (Proactive) 14M(58%)->10M(42%)
[782.258s][info][gc] GC(74) Garbage Collection (Proactive) 14M(58%)->10M(42%)
[799.362s][info][gc] GC(75) Garbage Collection (Proactive) 14M(58%)->10M(42%)
[817.259s][info][gc] GC(76) Garbage Collection (Proactive) 14M(58%)->10M(42%)
[827.560s][info][gc] GC(77) Garbage Collection (Proactive) 14M(58%)->10M(42%)
[845.456s][info][gc] GC(78) Garbage Collection (Proactive) 14M(58%)->10M(42%)
[1145.469s][info][gc] GC(79) Garbage Collection (Proactive) 12M(50%)->10M(42%)
